// Jest Snapshot v1, https://goo.gl/fbAQLP

exports[`renders table entries 1`] = `
<div
  className="table-container"
>
  <div
    className="table-cell bold"
  >
    Song Title
  </div>
  <div
    className="table-cell bold"
  >
    Artist
  </div>
  <div
    className="table-cell bold"
  >
    Location
  </div>
  <div
    className="table-cell"
    onClick={[Function]}
  >
    A Title
  </div>
  <div
    className="table-cell"
    onClick={[Function]}
  >
    A Test Artist
  </div>
  <div
    className="table-cell"
    onClick={[Function]}
  >
    BP1
  </div>
  <div
    className="table-cell"
    onClick={[Function]}
  >
    B Title
  </div>
  <div
    className="table-cell"
    onClick={[Function]}
  >
    B Test Artist
  </div>
  <div
    className="table-cell"
    onClick={[Function]}
  >
    BP2
  </div>
  <div
    className="table-cell"
    onClick={[Function]}
  >
    C Title
  </div>
  <div
    className="table-cell"
    onClick={[Function]}
  >
    C Test Artist
  </div>
  <div
    className="table-cell"
    onClick={[Function]}
  >
    BP3
  </div>
</div>
`;
