// Jest Snapshot v1, https://goo.gl/fbAQLP

exports[`SongList renders table entries 1`] = `
<DocumentFragment>
  <div
    class="table-container"
  >
    <div
      class="sc-hLBbgP lizhbw"
    >
      <div
        class="sc-eDvSVe ispWq"
      >
        <h3>
          A Title
        </h3>
        <h4>
          A Test Artist
        </h4>
      </div>
      <div
        class="sc-jSUZER eGjBoW"
      >
        <h4>
          BP1
        </h4>
      </div>
    </div>
    <div
      class="sc-hLBbgP lizhbw"
    >
      <div
        class="sc-eDvSVe ispWq"
      >
        <h3>
          B Title
        </h3>
        <h4>
          B Test Artist
        </h4>
      </div>
      <div
        class="sc-jSUZER eGjBoW"
      >
        <h4>
          BP2
        </h4>
      </div>
    </div>
    <div
      class="sc-hLBbgP lizhbw"
    >
      <div
        class="sc-eDvSVe ispWq"
      >
        <h3>
          C Title
        </h3>
        <h4>
          C Test Artist
        </h4>
      </div>
      <div
        class="sc-jSUZER eGjBoW"
      >
        <h4>
          BP3
        </h4>
      </div>
    </div>
  </div>
</DocumentFragment>
`;
