// Jest Snapshot v1, https://goo.gl/fbAQLP

exports[`SearchBar renders correctly 1`] = `
<DocumentFragment>
  <div
    class="sc-gsDKAQ izYifK"
  >
    <input
      class="sc-bdvvtL sc-dkPtRN ZGYqN hKcZKM"
      placeholder="Search"
      type="text"
    />
    <svg>
      search-icon.svg
    </svg>
  </div>
</DocumentFragment>
`;
