// Jest Snapshot v1, https://goo.gl/fbAQLP

exports[`HighScoreList loads the high scores for the selected song 1`] = `
<DocumentFragment>
  .c1 {
  width: 100%;
  border-collapse: collapse;
}

.c2 td:first-child {
  width: 75%;
  margin-right: 1rem;
}

.c2 td CenteredColumn {
  width: 25%;
}

.c3 {
  display: -webkit-box;
  display: -webkit-flex;
  display: -ms-flexbox;
  display: flex;
  -webkit-box-pack: center;
  -webkit-justify-content: center;
  -ms-flex-pack: center;
  justify-content: center;
}

.c5 {
  margin-top: 1rem;
  padding: 0.25rem 0.75rem;
  border: 1px solid;
  border-radius: 4px;
  background-color: transparent;
  font-size: 18px;
  -webkit-align-self: center;
  -ms-flex-item-align: center;
  align-self: center;
}

.c4 {
  display: -webkit-box;
  display: -webkit-flex;
  display: -ms-flexbox;
  display: flex;
  -webkit-box-pack: center;
  -webkit-justify-content: center;
  -ms-flex-pack: center;
  justify-content: center;
}

.c0 {
  border-bottom: 1px solid red;
}

.c0 h2,
.c0 h3 {
  margin: 0;
}

.c0 h4 {
  margin-top: 8px;
}

<div
    class=""
  >
    <div
      class="c0"
    >
      <h2>
        Title
      </h2>
      <h3>
        Artist
      </h3>
      <h4>
        BP-0001
      </h4>
    </div>
    <div>
      <table
        class="c1"
      >
        <thead>
          <tr>
            <th
              class="name-column"
            >
              Name
            </th>
            <th
              class="score-column"
            >
              Score
            </th>
          </tr>
        </thead>
        <tbody>
          <tr
            class="c2"
          >
            <td>
              Ally
            </td>
            <td
              class="c3"
            >
              99
            </td>
          </tr>
          <tr
            class="c2"
          >
            <td>
              Jenny
            </td>
            <td
              class="c3"
            >
              98
            </td>
          </tr>
          <tr
            class="c2"
          >
            <td>
              Johnny
            </td>
            <td
              class="c3"
            >
              97
            </td>
          </tr>
          <tr
            class="c2"
          >
            <td>
              Gemma
            </td>
            <td
              class="c3"
            >
              96
            </td>
          </tr>
        </tbody>
      </table>
      <div
        class="c4"
      >
        <button
          class="c5"
        >
          Add new High Score
        </button>
      </div>
    </div>
  </div>
</DocumentFragment>
`;
