// Jest Snapshot v1, https://goo.gl/fbAQLP

exports[`HighScoreTable renders correctly 1`] = `
<DocumentFragment>
  .c0 {
  width: 100%;
  border-collapse: collapse;
}

.c1 td:first-child {
  width: 75%;
  margin-right: 1rem;
}

.c1 td CenteredColumn {
  width: 25%;
}

.c2 {
  display: -webkit-box;
  display: -webkit-flex;
  display: -ms-flexbox;
  display: flex;
  -webkit-box-pack: center;
  -webkit-justify-content: center;
  -ms-flex-pack: center;
  justify-content: center;
}

<table
    class="c0"
  >
    <thead>
      <tr>
        <th
          class="name-column"
        >
          Name
        </th>
        <th
          class="score-column"
        >
          Score
        </th>
      </tr>
    </thead>
    <tbody>
      <tr
        class="c1"
      >
        <td>
          Ally
        </td>
        <td
          class="c2"
        >
          99
        </td>
      </tr>
      <tr
        class="c1"
      >
        <td>
          Johnny
        </td>
        <td
          class="c2"
        >
          98
        </td>
      </tr>
      <tr
        class="c1"
      >
        <td>
          Jenny
        </td>
        <td
          class="c2"
        >
          97
        </td>
      </tr>
    </tbody>
  </table>
</DocumentFragment>
`;
