// Jest Snapshot v1, https://goo.gl/fbAQLP

exports[`HighScoreList loads the high scores for the selected song 1`] = `
<DocumentFragment>
  <div
    id="high-score-list"
  >
    <div
      class="title-container"
    >
      <h2>
        Title
      </h2>
      <h3>
        Artist
      </h3>
      <h4>
        BP-0001
      </h4>
    </div>
    <div>
      <table
        class="sc-bdvvtL jvbSRE"
        id="high-score-table"
      >
        <thead>
          <tr>
            <th
              class="name-column"
            >
              Name
            </th>
            <th
              class="score-column"
            >
              Score
            </th>
          </tr>
        </thead>
        <tbody>
          <tr>
            <td
              class="table-cell name-column"
            >
              Ally
            </td>
            <td
              class="table-cell score-column"
            >
              99
            </td>
          </tr>
          <tr>
            <td
              class="table-cell name-column"
            >
              Jenny
            </td>
            <td
              class="table-cell score-column"
            >
              98
            </td>
          </tr>
          <tr>
            <td
              class="table-cell name-column"
            >
              Johnny
            </td>
            <td
              class="table-cell score-column"
            >
              97
            </td>
          </tr>
          <tr>
            <td
              class="table-cell name-column"
            >
              Gemma
            </td>
            <td
              class="table-cell score-column"
            >
              96
            </td>
          </tr>
        </tbody>
      </table>
      <button>
        Add high score
      </button>
    </div>
  </div>
</DocumentFragment>
`;
